======================================================================
02_global_transform.py
  clean_dir = E:\2.University_materials\4.University_life\6.Study_materials\others\freshman_year(secong semester)\2026_GS\All_Code\Data_preprocessing\Data_clean
  out_dir   = E:\2.University_materials\4.University_life\6.Study_materials\others\freshman_year(secong semester)\2026_GS\All_Code\Data_preprocessing\Data_transformation
======================================================================
已写出 time_map.csv (144 行)
已写出 template_map.csv (1092 行)
  注：模板映射按官方 result1~result4 布局的确定性位置生成；写入结果前请再核对实际模板表头。

发现 clean csv: ['附件1_clean.csv', '附件2_load_clean.csv', '附件2_pv_clean.csv', '附件3_clean.csv', '附件4_clean.csv']

[df_p1]
  行数 = 144 (预期 144) -> OK
  min = 0.000000   max = 1268.719333
  time_idx 1..144 无缺漏/无重复且有序 -> OK
  写出 df_p1.parquet <- 附件1_clean.csv

[df_load]
  行数 = 365 (预期 365) -> OK
  min = 332.619600   max = 1329.814150
  时段列数 = 144/144  缺列 = []  重复列 = []  空值 = 0
  144 时段列完整性 -> OK
  写出 df_load.parquet

[df_pv]
  行数 = 365 (预期 365) -> OK
  min = 0.000000   max = 1702.700000
  时段列数 = 144/144  缺列 = []  重复列 = []  空值 = 0
  144 时段列完整性 -> OK
  写出 df_pv.parquet

[df_fcst]
  行数 = 1460 (预期 1460) -> OK
  min = 0.000000   max = 9995.887500
  写出 df_fcst.parquet <- 附件3_clean.csv (预报保持 kW 小时结构)

[df_price]
  行数 = 365 (预期 365) -> OK
  min = 0.007600   max = 1.793600
  时段列数 = 144/144  缺列 = []  重复列 = []  空值 = 0
  144 时段列完整性 -> OK
  写出 df_price.parquet <- 附件4_clean.csv

======================================================================
转换完成，所有校验通过。
