\BOOKMARK [1][-]{section.1}{\376\377\225\356\230\230\221\315\217\360}{}% 1
\BOOKMARK [2][-]{subsection.1.1}{\376\377\225\356\230\230\200\314\146\157}{section.1}% 2
\BOOKMARK [2][-]{subsection.1.2}{\376\377\225\356\230\230\143\320\121\372}{section.1}% 3
\BOOKMARK [1][-]{section.2}{\376\377\225\356\230\230\122\006\147\220}{}% 4
\BOOKMARK [2][-]{subsection.2.1}{\376\377\225\356\230\230\116\000\166\204\122\006\147\220}{section.2}% 5
\BOOKMARK [2][-]{subsection.2.2}{\376\377\225\356\230\230\116\214\166\204\122\006\147\220}{section.2}% 6
\BOOKMARK [2][-]{subsection.2.3}{\376\377\225\356\230\230\116\011\166\204\122\006\147\220}{section.2}% 7
\BOOKMARK [2][-]{subsection.2.4}{\376\377\225\356\230\230\126\333\166\204\122\006\147\220}{section.2}% 8
\BOOKMARK [2][-]{subsection.2.5}{\376\377\145\164\117\123\170\024\172\166\140\035\215\357}{section.2}% 9
\BOOKMARK [1][-]{section.3}{\376\377\152\041\127\213\120\107\213\276}{}% 10
\BOOKMARK [1][-]{section.4}{\376\377\173\046\123\367\213\364\146\016}{}% 11
\BOOKMARK [1][-]{section.5}{\376\377\145\160\143\156\230\204\131\004\164\006}{}% 12
\BOOKMARK [2][-]{subsection.5.1}{\376\377\145\160\143\156\156\005\155\027\116\016\116\000\201\364\140\047\150\041\232\214}{section.5}% 13
\BOOKMARK [2][-]{subsection.5.2}{\376\377\145\366\225\364\175\042\137\025\176\337\116\000}{section.5}% 14
\BOOKMARK [2][-]{subsection.5.3}{\376\377\122\237\163\207\116\016\165\065\221\317\143\142\173\227}{section.5}% 15
\BOOKMARK [2][-]{subsection.5.4}{\376\377\131\034\225\364\121\111\117\017\145\160\143\156\150\300\232\214}{section.5}% 16
\BOOKMARK [2][-]{subsection.5.5}{\376\377\145\160\143\156\140\073\117\123\162\171\137\201\122\006\147\220}{section.5}% 17
\BOOKMARK [1][-]{section.6}{\376\377\225\356\230\230\116\000\377\032\170\156\133\232\140\047\165\065\116\367\116\013\166\204\145\345\122\115\215\055\165\065\117\030\123\026}{}% 18
\BOOKMARK [2][-]{subsection.6.1}{\376\377\225\356\230\230\122\006\147\220\116\016\136\372\152\041\140\035\215\357}{section.6}% 19
\BOOKMARK [2][-]{subsection.6.2}{\376\377\173\046\123\367\116\016\123\302\145\160\133\232\116\111}{section.6}% 20
\BOOKMARK [2][-]{subsection.6.3}{\376\377\217\336\176\355\176\277\140\047\211\304\122\022\152\041\127\213}{section.6}% 21
\BOOKMARK [3][-]{subsubsection.6.3.1}{\376\377\166\356\150\007\121\375\145\160}{subsection.6.3}% 22
\BOOKMARK [3][-]{subsubsection.6.3.2}{\376\377\165\065\221\317\136\163\210\141\176\246\147\137}{subsection.6.3}% 23
\BOOKMARK [3][-]{subsubsection.6.3.3}{\376\377\120\250\165\065\221\317\220\022\143\250\176\246\147\137}{subsection.6.3}% 24
\BOOKMARK [3][-]{subsubsection.6.3.4}{\376\377\133\271\221\317\060\001\122\237\163\207\116\016\217\271\165\114\176\246\147\137}{subsection.6.3}% 25
\BOOKMARK [2][-]{subsection.6.4}{\376\377\213\315\121\170\136\217\117\030\123\026\116\016\124\014\145\366\121\105\145\076\165\065\131\004\164\006}{section.6}% 26
\BOOKMARK [2][-]{subsection.6.5}{\376\377\120\250\200\375\217\271\226\105\116\367\120\074}{section.6}% 27
\BOOKMARK [2][-]{subsection.6.6}{\376\377\154\102\211\343\155\101\172\013}{section.6}% 28
\BOOKMARK [2][-]{subsection.6.7}{\376\377\213\241\173\227\176\323\147\234\116\016\122\006\147\220}{section.6}% 29
\BOOKMARK [2][-]{subsection.6.8}{\376\377\152\041\127\213\150\300\232\214\116\016\160\165\145\117\136\246\122\006\147\220}{section.6}% 30
\BOOKMARK [3][-]{subsubsection.6.8.1}{\376\377\123\357\210\114\140\047\116\016\147\000\117\030\140\047\150\300\232\214}{subsection.6.8}% 31
\BOOKMARK [3][-]{subsubsection.6.8.2}{\376\377\145\110\163\207\123\343\137\204\160\165\145\117\136\246}{subsection.6.8}% 32
\BOOKMARK [2][-]{subsection.6.9}{\376\377\147\054\225\356\134\017\176\323}{section.6}% 33
\BOOKMARK [1][-]{section.7}{\376\377\225\356\230\230\116\214\377\032\152\041\127\213\136\372\172\313\116\016\154\102\211\343}{}% 34
\BOOKMARK [2][-]{subsection.7.1}{\376\377\136\372\152\041\140\035\215\357}{section.7}% 35
\BOOKMARK [2][-]{subsection.7.2}{\376\377\152\041\127\213\136\372\172\313}{section.7}% 36
\BOOKMARK [2][-]{subsection.7.3}{\376\377\152\041\127\213\154\102\211\343}{section.7}% 37
\BOOKMARK [2][-]{subsection.7.4}{\376\377\176\323\147\234\116\016\122\006\147\220}{section.7}% 38
\BOOKMARK [2][-]{subsection.7.5}{\376\377\152\041\127\213\150\300\232\214\116\016\160\165\145\117\136\246\122\006\147\220}{section.7}% 39
\BOOKMARK [1][-]{section.8}{\376\377\225\356\230\230\116\011\377\032\152\041\127\213\136\372\172\313\116\016\154\102\211\343}{}% 40
\BOOKMARK [2][-]{subsection.8.1}{\376\377\136\372\152\041\140\035\215\357}{section.8}% 41
\BOOKMARK [2][-]{subsection.8.2}{\376\377\152\041\127\213\136\372\172\313}{section.8}% 42
\BOOKMARK [2][-]{subsection.8.3}{\376\377\152\041\127\213\154\102\211\343}{section.8}% 43
\BOOKMARK [2][-]{subsection.8.4}{\376\377\176\323\147\234\116\016\122\006\147\220}{section.8}% 44
\BOOKMARK [2][-]{subsection.8.5}{\376\377\152\041\127\213\150\300\232\214\116\016\160\165\145\117\136\246\122\006\147\220}{section.8}% 45
\BOOKMARK [1][-]{section.9}{\376\377\225\356\230\230\126\333\377\032\152\041\127\213\136\372\172\313\116\016\154\102\211\343}{}% 46
\BOOKMARK [2][-]{subsection.9.1}{\376\377\136\372\152\041\140\035\215\357\116\016\123\330\221\317\133\232\116\111}{section.9}% 47
\BOOKMARK [2][-]{subsection.9.2}{\376\377\152\041\127\213\136\372\172\313}{section.9}% 48
\BOOKMARK [2][-]{subsection.9.3}{\376\377\154\102\211\343\145\271\154\325}{section.9}% 49
\BOOKMARK [2][-]{subsection.9.4}{\376\377\176\323\147\234\116\016\122\006\147\220}{section.9}% 50
\BOOKMARK [2][-]{subsection.9.5}{\376\377\152\041\127\213\150\300\232\214\116\016\160\165\145\117\136\246\122\006\147\220}{section.9}% 51
\BOOKMARK [1][-]{section.10}{\376\377\152\041\127\213\213\304\116\367}{}% 52
\BOOKMARK [2][-]{subsection.10.1}{\376\377\152\041\127\213\166\204\117\030\160\271}{section.10}% 53
\BOOKMARK [2][-]{subsection.10.2}{\376\377\152\041\127\213\166\204\177\072\160\271}{section.10}% 54
\BOOKMARK [2][-]{subsection.10.3}{\376\377\152\041\127\213\166\204\145\071\217\333}{section.10}% 55
\BOOKMARK [1][-]{section.11}{\376\377\176\323\213\272}{}% 56
\BOOKMARK [1][-]{appendix.A}{\376\377\145\057\144\221\147\120\145\231\145\207\116\366\122\027\210\150}{}% 57
\BOOKMARK [1][-]{appendix.B}{\376\377\210\145\121\105\176\323\147\234}{}% 58
