\BOOKMARK [1][-]{section.1}{\376\377\225\356\230\230\221\315\217\360}{}% 1
\BOOKMARK [2][-]{subsection.1.1}{\376\377\225\356\230\230\200\314\146\157}{section.1}% 2
\BOOKMARK [2][-]{subsection.1.2}{\376\377\225\356\230\230\143\320\121\372}{section.1}% 3
\BOOKMARK [1][-]{section.2}{\376\377\225\356\230\230\122\006\147\220}{}% 4
\BOOKMARK [2][-]{subsection.2.1}{\376\377\225\356\230\230\116\000\166\204\122\006\147\220}{section.2}% 5
\BOOKMARK [2][-]{subsection.2.2}{\376\377\225\356\230\230\116\214\166\204\122\006\147\220}{section.2}% 6
\BOOKMARK [2][-]{subsection.2.3}{\376\377\225\356\230\230\116\011\166\204\122\006\147\220}{section.2}% 7
\BOOKMARK [2][-]{subsection.2.4}{\376\377\225\356\230\230\126\333\166\204\122\006\147\220}{section.2}% 8
\BOOKMARK [2][-]{subsection.2.5}{\376\377\145\164\117\123\170\024\172\166\140\035\215\357}{section.2}% 9
\BOOKMARK [1][-]{section.3}{\376\377\152\041\127\213\120\107\213\276}{}% 10
\BOOKMARK [1][-]{section.4}{\376\377\173\046\123\367\213\364\146\016}{}% 11
\BOOKMARK [1][-]{section.5}{\376\377\145\160\143\156\230\204\131\004\164\006}{}% 12
\BOOKMARK [2][-]{subsection.5.1}{\376\377\145\160\143\156\147\145\156\220\116\016\213\364\146\016}{section.5}% 13
\BOOKMARK [2][-]{subsection.5.2}{\376\377\177\072\131\061\120\074\116\016\137\002\136\070\120\074\131\004\164\006}{section.5}% 14
\BOOKMARK [2][-]{subsection.5.3}{\376\377\145\160\143\156\162\171\137\201\122\006\147\220}{section.5}% 15
\BOOKMARK [1][-]{section.6}{\376\377\225\356\230\230\116\000\377\032\152\041\127\213\136\372\172\313\116\016\154\102\211\343}{}% 16
\BOOKMARK [2][-]{subsection.6.1}{\376\377\136\372\152\041\140\035\215\357\116\016\123\330\221\317\133\232\116\111}{section.6}% 17
\BOOKMARK [2][-]{subsection.6.2}{\376\377\152\041\127\213\136\372\172\313}{section.6}% 18
\BOOKMARK [2][-]{subsection.6.3}{\376\377\154\102\211\343\145\271\154\325\116\016\133\236\163\260}{section.6}% 19
\BOOKMARK [2][-]{subsection.6.4}{\376\377\176\323\147\234\116\016\122\006\147\220}{section.6}% 20
\BOOKMARK [2][-]{subsection.6.5}{\376\377\152\041\127\213\150\300\232\214\116\016\160\165\145\117\136\246\122\006\147\220}{section.6}% 21
\BOOKMARK [1][-]{section.7}{\376\377\225\356\230\230\116\214\377\032\152\041\127\213\136\372\172\313\116\016\154\102\211\343}{}% 22
\BOOKMARK [2][-]{subsection.7.1}{\376\377\136\372\152\041\140\035\215\357}{section.7}% 23
\BOOKMARK [2][-]{subsection.7.2}{\376\377\152\041\127\213\136\372\172\313}{section.7}% 24
\BOOKMARK [2][-]{subsection.7.3}{\376\377\152\041\127\213\154\102\211\343}{section.7}% 25
\BOOKMARK [2][-]{subsection.7.4}{\376\377\176\323\147\234\116\016\122\006\147\220}{section.7}% 26
\BOOKMARK [2][-]{subsection.7.5}{\376\377\152\041\127\213\150\300\232\214\116\016\160\165\145\117\136\246\122\006\147\220}{section.7}% 27
\BOOKMARK [1][-]{section.8}{\376\377\225\356\230\230\116\011\377\032\152\041\127\213\136\372\172\313\116\016\154\102\211\343}{}% 28
\BOOKMARK [2][-]{subsection.8.1}{\376\377\136\372\152\041\140\035\215\357}{section.8}% 29
\BOOKMARK [2][-]{subsection.8.2}{\376\377\152\041\127\213\136\372\172\313}{section.8}% 30
\BOOKMARK [2][-]{subsection.8.3}{\376\377\152\041\127\213\154\102\211\343}{section.8}% 31
\BOOKMARK [2][-]{subsection.8.4}{\376\377\176\323\147\234\116\016\122\006\147\220}{section.8}% 32
\BOOKMARK [2][-]{subsection.8.5}{\376\377\152\041\127\213\150\300\232\214\116\016\160\165\145\117\136\246\122\006\147\220}{section.8}% 33
\BOOKMARK [1][-]{section.9}{\376\377\225\356\230\230\126\333\377\032\152\041\127\213\136\372\172\313\116\016\154\102\211\343}{}% 34
\BOOKMARK [2][-]{subsection.9.1}{\376\377\136\372\152\041\140\035\215\357\116\016\123\330\221\317\133\232\116\111}{section.9}% 35
\BOOKMARK [2][-]{subsection.9.2}{\376\377\152\041\127\213\136\372\172\313}{section.9}% 36
\BOOKMARK [2][-]{subsection.9.3}{\376\377\154\102\211\343\145\271\154\325}{section.9}% 37
\BOOKMARK [2][-]{subsection.9.4}{\376\377\176\323\147\234\116\016\122\006\147\220}{section.9}% 38
\BOOKMARK [2][-]{subsection.9.5}{\376\377\152\041\127\213\150\300\232\214\116\016\160\165\145\117\136\246\122\006\147\220}{section.9}% 39
\BOOKMARK [1][-]{section.10}{\376\377\152\041\127\213\213\304\116\367}{}% 40
\BOOKMARK [2][-]{subsection.10.1}{\376\377\152\041\127\213\166\204\117\030\160\271}{section.10}% 41
\BOOKMARK [2][-]{subsection.10.2}{\376\377\152\041\127\213\166\204\177\072\160\271}{section.10}% 42
\BOOKMARK [2][-]{subsection.10.3}{\376\377\152\041\127\213\166\204\145\071\217\333}{section.10}% 43
\BOOKMARK [1][-]{section.11}{\376\377\176\323\213\272}{}% 44
\BOOKMARK [1][-]{appendix.A}{\376\377\145\057\144\221\147\120\145\231\145\207\116\366\122\027\210\150}{}% 45
\BOOKMARK [1][-]{appendix.B}{\376\377\210\145\121\105\176\323\147\234}{}% 46
